// Jest Snapshot v1, https://goo.gl/fbAQLP

exports[`DetailedTeamView snapshot for test pokemon matches 1`] = `
<div
  className="wrapper"
>
  <div
    className="flex heading"
  >
    <div
      className="flex upvoteBox"
    >
      <svg
        aria-hidden={true}
        className="MuiSvgIcon-root  arrow clickable MuiSvgIcon-fontSizeLarge"
        focusable="false"
        onClick={[Function]}
        viewBox="0 0 24 24"
      >
        <path
          d="M12 8V4l8 8-8 8v-4H4V8z"
        />
      </svg>
      0
    </div>
    <h1>
      Test Team
    </h1>
    <div
      className="rightHeaderContent"
    >
      <span
        className="username"
      >
        by TestUser
      </span>
    </div>
  </div>
  <div
    className="teamContainer"
  >
    <div
      className="sixPack"
    />
    <div
      className="shadowedBox undefined"
    >
      <div
        className="usernameWrapper"
      >
        <div
          className="header"
          style={
            Object {
              "width": 140,
            }
          }
        >
          Description
        </div>
      </div>
      <div
        className="body undefined"
      >
        This is not a real team. You have been deceived
      </div>
    </div>
  </div>
  <div
    className="commentsWrapper"
  >
    <div
      className="headerWrapper"
    >
      <div
        className="header"
        style={
          Object {
            "paddingLeft": 10,
            "textAlign": "left",
            "width": 400,
          }
        }
      >
        Comments
      </div>
    </div>
    <div
      className="shadowedBox flex commentForm"
    >
      <textarea
        className="textArea form"
        onChange={[Function]}
        onClick={[Function]}
        placeholder="Speak your mind..."
        value=""
      />
      <div
        className="button black"
        onClick={[Function]}
      >
        Submit
      </div>
    </div>
  </div>
</div>
`;
